// Jest Snapshot v1, https://goo.gl/fbAQLP

exports[`Order should match the snapshot with all data passed in correctly 1`] = `
<div
  className="order-card"
>
  <div
    className="card-left"
  >
    <img
      alt=""
      src="broken-link.png"
    />
  </div>
  <div
    className="card-center"
  >
    <h2>
      order
    </h2>
    <p>
      my order
    </p>
  </div>
  <div
    className="card-right"
  >
    <p>
      $
      100
    </p>
    <button
      onClick={[Function]}
    >
      Remove From History
    </button>
  </div>
</div>
`;
